Archive member included to satisfy reference by file (symbol)

c:/st/stm32cubeide_1.7.0/stm32cubeide/plugins/com.st.stm32cube.ide.mcu.externaltools.gnu-tools-for-stm32.9-2020-q2-update.win32_2.0.0.202105311346/tools/bin/../lib/gcc/arm-none-eabi/9.3.1/../../../../arm-none-eabi/lib/thumb/v7e-m+fp/hard\libc_nano.a(lib_a-errno.o)
                              ./Core/Src/syscalls.o (__errno)
c:/st/stm32cubeide_1.7.0/stm32cubeide/plugins/com.st.stm32cube.ide.mcu.externaltools.gnu-tools-for-stm32.9-2020-q2-update.win32_2.0.0.202105311346/tools/bin/../lib/gcc/arm-none-eabi/9.3.1/../../../../arm-none-eabi/lib/thumb/v7e-m+fp/hard\libc_nano.a(lib_a-exit.o)
                              c:/st/stm32cubeide_1.7.0/stm32cubeide/plugins/com.st.stm32cube.ide.mcu.externaltools.gnu-tools-for-stm32.9-2020-q2-update.win32_2.0.0.202105311346/tools/bin/../lib/gcc/arm-none-eabi/9.3.1/../../../../arm-none-eabi/lib/thumb/v7e-m+fp/hard/crt0.o (exit)
c:/st/stm32cubeide_1.7.0/stm32cubeide/plugins/com.st.stm32cube.ide.mcu.externaltools.gnu-tools-for-stm32.9-2020-q2-update.win32_2.0.0.202105311346/tools/bin/../lib/gcc/arm-none-eabi/9.3.1/../../../../arm-none-eabi/lib/thumb/v7e-m+fp/hard\libc_nano.a(lib_a-impure.o)
                              c:/st/stm32cubeide_1.7.0/stm32cubeide/plugins/com.st.stm32cube.ide.mcu.externaltools.gnu-tools-for-stm32.9-2020-q2-update.win32_2.0.0.202105311346/tools/bin/../lib/gcc/arm-none-eabi/9.3.1/../../../../arm-none-eabi/lib/thumb/v7e-m+fp/hard\libc_nano.a(lib_a-exit.o) (_global_impure_ptr)
c:/st/stm32cubeide_1.7.0/stm32cubeide/plugins/com.st.stm32cube.ide.mcu.externaltools.gnu-tools-for-stm32.9-2020-q2-update.win32_2.0.0.202105311346/tools/bin/../lib/gcc/arm-none-eabi/9.3.1/../../../../arm-none-eabi/lib/thumb/v7e-m+fp/hard\libc_nano.a(lib_a-init.o)
                              c:/st/stm32cubeide_1.7.0/stm32cubeide/plugins/com.st.stm32cube.ide.mcu.externaltools.gnu-tools-for-stm32.9-2020-q2-update.win32_2.0.0.202105311346/tools/bin/../lib/gcc/arm-none-eabi/9.3.1/../../../../arm-none-eabi/lib/thumb/v7e-m+fp/hard/crt0.o (__libc_init_array)
c:/st/stm32cubeide_1.7.0/stm32cubeide/plugins/com.st.stm32cube.ide.mcu.externaltools.gnu-tools-for-stm32.9-2020-q2-update.win32_2.0.0.202105311346/tools/bin/../lib/gcc/arm-none-eabi/9.3.1/../../../../arm-none-eabi/lib/thumb/v7e-m+fp/hard\libc_nano.a(lib_a-memset.o)
                              c:/st/stm32cubeide_1.7.0/stm32cubeide/plugins/com.st.stm32cube.ide.mcu.externaltools.gnu-tools-for-stm32.9-2020-q2-update.win32_2.0.0.202105311346/tools/bin/../lib/gcc/arm-none-eabi/9.3.1/../../../../arm-none-eabi/lib/thumb/v7e-m+fp/hard/crt0.o (memset)
c:/st/stm32cubeide_1.7.0/stm32cubeide/plugins/com.st.stm32cube.ide.mcu.externaltools.gnu-tools-for-stm32.9-2020-q2-update.win32_2.0.0.202105311346/tools/bin/../lib/gcc/arm-none-eabi/9.3.1/thumb/v7e-m+fp/hard\libgcc.a(_aeabi_uldivmod.o)
                              ./Drivers/STM32F4xx_HAL_Driver/Src/stm32f4xx_hal_rcc.o (__aeabi_uldivmod)
c:/st/stm32cubeide_1.7.0/stm32cubeide/plugins/com.st.stm32cube.ide.mcu.externaltools.gnu-tools-for-stm32.9-2020-q2-update.win32_2.0.0.202105311346/tools/bin/../lib/gcc/arm-none-eabi/9.3.1/thumb/v7e-m+fp/hard\libgcc.a(_udivmoddi4.o)
                              c:/st/stm32cubeide_1.7.0/stm32cubeide/plugins/com.st.stm32cube.ide.mcu.externaltools.gnu-tools-for-stm32.9-2020-q2-update.win32_2.0.0.202105311346/tools/bin/../lib/gcc/arm-none-eabi/9.3.1/thumb/v7e-m+fp/hard\libgcc.a(_aeabi_uldivmod.o) (__udivmoddi4)
c:/st/stm32cubeide_1.7.0/stm32cubeide/plugins/com.st.stm32cube.ide.mcu.externaltools.gnu-tools-for-stm32.9-2020-q2-update.win32_2.0.0.202105311346/tools/bin/../lib/gcc/arm-none-eabi/9.3.1/thumb/v7e-m+fp/hard\libgcc.a(_dvmd_tls.o)
                              c:/st/stm32cubeide_1.7.0/stm32cubeide/plugins/com.st.stm32cube.ide.mcu.externaltools.gnu-tools-for-stm32.9-2020-q2-update.win32_2.0.0.202105311346/tools/bin/../lib/gcc/arm-none-eabi/9.3.1/thumb/v7e-m+fp/hard\libgcc.a(_aeabi_uldivmod.o) (__aeabi_ldiv0)

Allocating common symbols
Common symbol       size              file

ctrl_reg1_a         0x1               ./Core/Src/main.o
hi2c1               0x54              ./Core/Src/main.o
status2             0x1               ./Core/Src/main.o
ctrl_reg4_a         0x1               ./Core/Src/main.o
uwTick              0x4               ./Drivers/STM32F4xx_HAL_Driver/Src/stm32f4xx_hal.o
ctrl_reg6_a         0x1               ./Core/Src/main.o
pFlash              0x20              ./Drivers/STM32F4xx_HAL_Driver/Src/stm32f4xx_hal_flash.o
status1             0x1               ./Core/Src/main.o
ctrl_reg2_a         0x1               ./Core/Src/main.o
adr                 0x1               ./Core/Src/main.o
htim2               0x48              ./Core/Src/main.o
ctrl_reg3_a         0x1               ./Core/Src/main.o
ctrl_reg5_a         0x1               ./Core/Src/main.o

Discarded input sections

[...]
Memory Configuration

Name             Origin             Length             Attributes
RAM              0x0000000020000000 0x0000000000020000 xrw
FLASH            0x0000000008000000 0x0000000000080000 xr
*default*        0x0000000000000000 0xffffffffffffffff

Linker script and memory map

LOAD c:/st/stm32cubeide_1.7.0/stm32cubeide/plugins/com.st.stm32cube.ide.mcu.externaltools.gnu-tools-for-stm32.9-2020-q2-update.win32_2.0.0.202105311346/tools/bin/../lib/gcc/arm-none-eabi/9.3.1/thumb/v7e-m+fp/hard/crti.o
LOAD c:/st/stm32cubeide_1.7.0/stm32cubeide/plugins/com.st.stm32cube.ide.mcu.externaltools.gnu-tools-for-stm32.9-2020-q2-update.win32_2.0.0.202105311346/tools/bin/../lib/gcc/arm-none-eabi/9.3.1/thumb/v7e-m+fp/hard/crtbegin.o
LOAD c:/st/stm32cubeide_1.7.0/stm32cubeide/plugins/com.st.stm32cube.ide.mcu.externaltools.gnu-tools-for-stm32.9-2020-q2-update.win32_2.0.0.202105311346/tools/bin/../lib/gcc/arm-none-eabi/9.3.1/../../../../arm-none-eabi/lib/thumb/v7e-m+fp/hard/crt0.o
LOAD ./Core/Src/main.o
LOAD ./Core/Src/stm32f4xx_hal_msp.o
LOAD ./Core/Src/stm32f4xx_it.o
LOAD ./Core/Src/syscalls.o
LOAD ./Core/Src/sysmem.o
LOAD ./Core/Src/system_stm32f4xx.o
LOAD ./Core/Startup/startup_stm32f411vetx.o
LOAD ./Drivers/STM32F4xx_HAL_Driver/Src/stm32f4xx_hal.o
LOAD ./Drivers/STM32F4xx_HAL_Driver/Src/stm32f4xx_hal_cortex.o
LOAD ./Drivers/STM32F4xx_HAL_Driver/Src/stm32f4xx_hal_dma.o
LOAD ./Drivers/STM32F4xx_HAL_Driver/Src/stm32f4xx_hal_dma_ex.o
LOAD ./Drivers/STM32F4xx_HAL_Driver/Src/stm32f4xx_hal_exti.o
LOAD ./Drivers/STM32F4xx_HAL_Driver/Src/stm32f4xx_hal_flash.o
LOAD ./Drivers/STM32F4xx_HAL_Driver/Src/stm32f4xx_hal_flash_ex.o
LOAD ./Drivers/STM32F4xx_HAL_Driver/Src/stm32f4xx_hal_flash_ramfunc.o
LOAD ./Drivers/STM32F4xx_HAL_Driver/Src/stm32f4xx_hal_gpio.o
LOAD ./Drivers/STM32F4xx_HAL_Driver/Src/stm32f4xx_hal_i2c.o
LOAD ./Drivers/STM32F4xx_HAL_Driver/Src/stm32f4xx_hal_i2c_ex.o
LOAD ./Drivers/STM32F4xx_HAL_Driver/Src/stm32f4xx_hal_pwr.o
LOAD ./Drivers/STM32F4xx_HAL_Driver/Src/stm32f4xx_hal_pwr_ex.o
LOAD ./Drivers/STM32F4xx_HAL_Driver/Src/stm32f4xx_hal_rcc.o
LOAD ./Drivers/STM32F4xx_HAL_Driver/Src/stm32f4xx_hal_rcc_ex.o
LOAD ./Drivers/STM32F4xx_HAL_Driver/Src/stm32f4xx_hal_tim.o
LOAD ./Drivers/STM32F4xx_HAL_Driver/Src/stm32f4xx_hal_tim_ex.o
START GROUP
LOAD c:/st/stm32cubeide_1.7.0/stm32cubeide/plugins/com.st.stm32cube.ide.mcu.externaltools.gnu-tools-for-stm32.9-2020-q2-update.win32_2.0.0.202105311346/tools/bin/../lib/gcc/arm-none-eabi/9.3.1/../../../../arm-none-eabi/lib/thumb/v7e-m+fp/hard\libc_nano.a
LOAD c:/st/stm32cubeide_1.7.0/stm32cubeide/plugins/com.st.stm32cube.ide.mcu.externaltools.gnu-tools-for-stm32.9-2020-q2-update.win32_2.0.0.202105311346/tools/bin/../lib/gcc/arm-none-eabi/9.3.1/../../../../arm-none-eabi/lib/thumb/v7e-m+fp/hard\libm.a
END GROUP
START GROUP
LOAD c:/st/stm32cubeide_1.7.0/stm32cubeide/plugins/com.st.stm32cube.ide.mcu.externaltools.gnu-tools-for-stm32.9-2020-q2-update.win32_2.0.0.202105311346/tools/bin/../lib/gcc/arm-none-eabi/9.3.1/thumb/v7e-m+fp/hard\libgcc.a
LOAD c:/st/stm32cubeide_1.7.0/stm32cubeide/plugins/com.st.stm32cube.ide.mcu.externaltools.gnu-tools-for-stm32.9-2020-q2-update.win32_2.0.0.202105311346/tools/bin/../lib/gcc/arm-none-eabi/9.3.1/../../../../arm-none-eabi/lib/thumb/v7e-m+fp/hard\libc_nano.a
END GROUP
START GROUP
LOAD c:/st/stm32cubeide_1.7.0/stm32cubeide/plugins/com.st.stm32cube.ide.mcu.externaltools.gnu-tools-for-stm32.9-2020-q2-update.win32_2.0.0.202105311346/tools/bin/../lib/gcc/arm-none-eabi/9.3.1/thumb/v7e-m+fp/hard\libgcc.a
LOAD c:/st/stm32cubeide_1.7.0/stm32cubeide/plugins/com.st.stm32cube.ide.mcu.externaltools.gnu-tools-for-stm32.9-2020-q2-update.win32_2.0.0.202105311346/tools/bin/../lib/gcc/arm-none-eabi/9.3.1/../../../../arm-none-eabi/lib/thumb/v7e-m+fp/hard\libc_nano.a
LOAD c:/st/stm32cubeide_1.7.0/stm32cubeide/plugins/com.st.stm32cube.ide.mcu.externaltools.gnu-tools-for-stm32.9-2020-q2-update.win32_2.0.0.202105311346/tools/bin/../lib/gcc/arm-none-eabi/9.3.1/../../../../arm-none-eabi/lib/thumb/v7e-m+fp/hard\libnosys.a
END GROUP
START GROUP
LOAD c:/st/stm32cubeide_1.7.0/stm32cubeide/plugins/com.st.stm32cube.ide.mcu.externaltools.gnu-tools-for-stm32.9-2020-q2-update.win32_2.0.0.202105311346/tools/bin/../lib/gcc/arm-none-eabi/9.3.1/thumb/v7e-m+fp/hard\libgcc.a
LOAD c:/st/stm32cubeide_1.7.0/stm32cubeide/plugins/com.st.stm32cube.ide.mcu.externaltools.gnu-tools-for-stm32.9-2020-q2-update.win32_2.0.0.202105311346/tools/bin/../lib/gcc/arm-none-eabi/9.3.1/../../../../arm-none-eabi/lib/thumb/v7e-m+fp/hard\libc_nano.a
LOAD c:/st/stm32cubeide_1.7.0/stm32cubeide/plugins/com.st.stm32cube.ide.mcu.externaltools.gnu-tools-for-stm32.9-2020-q2-update.win32_2.0.0.202105311346/tools/bin/../lib/gcc/arm-none-eabi/9.3.1/../../../../arm-none-eabi/lib/thumb/v7e-m+fp/hard\libnosys.a
END GROUP
LOAD c:/st/stm32cubeide_1.7.0/stm32cubeide/plugins/com.st.stm32cube.ide.mcu.externaltools.gnu-tools-for-stm32.9-2020-q2-update.win32_2.0.0.202105311346/tools/bin/../lib/gcc/arm-none-eabi/9.3.1/thumb/v7e-m+fp/hard/crtend.o
LOAD c:/st/stm32cubeide_1.7.0/stm32cubeide/plugins/com.st.stm32cube.ide.mcu.externaltools.gnu-tools-for-stm32.9-2020-q2-update.win32_2.0.0.202105311346/tools/bin/../lib/gcc/arm-none-eabi/9.3.1/thumb/v7e-m+fp/hard/crtn.o
                0x0000000020020000                _estack = (ORIGIN (RAM) + LENGTH (RAM))
                0x0000000000000200                _Min_Heap_Size = 0x200
                0x0000000000000400                _Min_Stack_Size = 0x400

.isr_vector     0x0000000008000000      0x198
                0x0000000008000000                . = ALIGN (0x4)
 *(.isr_vector)
 .isr_vector    0x0000000008000000      0x198 ./Core/Startup/startup_stm32f411vetx.o
                0x0000000008000000                g_pfnVectors
                0x0000000008000198                . = ALIGN (0x4)

.text           0x0000000008000198     0x3910
                0x0000000008000198                . = ALIGN (0x4)
 *(.text)
 .text          0x0000000008000198       0x40 c:/st/stm32cubeide_1.7.0/stm32cubeide/plugins/com.st.stm32cube.ide.mcu.externaltools.gnu-tools-for-stm32.9-2020-q2-update.win32_2.0.0.202105311346/tools/bin/../lib/gcc/arm-none-eabi/9.3.1/thumb/v7e-m+fp/hard/crtbegin.o
 .text          0x00000000080001d8       0x30 c:/st/stm32cubeide_1.7.0/stm32cubeide/plugins/com.st.stm32cube.ide.mcu.externaltools.gnu-tools-for-stm32.9-2020-q2-update.win32_2.0.0.202105311346/tools/bin/../lib/gcc/arm-none-eabi/9.3.1/thumb/v7e-m+fp/hard\libgcc.a(_aeabi_uldivmod.o)
                0x00000000080001d8                __aeabi_uldivmod
 .text          0x0000000008000208      0x2c4 c:/st/stm32cubeide_1.7.0/stm32cubeide/plugins/com.st.stm32cube.ide.mcu.externaltools.gnu-tools-for-stm32.9-2020-q2-update.win32_2.0.0.202105311346/tools/bin/../lib/gcc/arm-none-eabi/9.3.1/thumb/v7e-m+fp/hard\libgcc.a(_udivmoddi4.o)
                0x0000000008000208                __udivmoddi4
 .text          0x00000000080004cc        0x4 c:/st/stm32cubeide_1.7.0/stm32cubeide/plugins/com.st.stm32cube.ide.mcu.externaltools.gnu-tools-for-stm32.9-2020-q2-update.win32_2.0.0.202105311346/tools/bin/../lib/gcc/arm-none-eabi/9.3.1/thumb/v7e-m+fp/hard\libgcc.a(_dvmd_tls.o)
                0x00000000080004cc                __aeabi_idiv0
                0x00000000080004cc                __aeabi_ldiv0
 *(.text*)
 .text.wait_for_gpio_state_timeout
                0x00000000080004d0       0x66 ./Core/Src/main.o
 *fill*         0x0000000008000536        0x2 
 .text.I2C_ClearBusyFlagErratum
                0x0000000008000538      0x14c ./Core/Src/main.o
 .text.main     0x0000000008000684      0x2ac ./Core/Src/main.o
                0x0000000008000684                main
 .text.SystemClock_Config
                0x0000000008000930       0xd0 ./Core/Src/main.o
                0x0000000008000930                SystemClock_Config
 .text.MX_I2C1_Init
                0x0000000008000a00       0x5c ./Core/Src/main.o
 .text.MX_TIM2_Init
                0x0000000008000a5c       0x9c ./Core/Src/main.o
 .text.MX_GPIO_Init
                0x0000000008000af8       0xa4 ./Core/Src/main.o
 .text.Error_Handler
                0x0000000008000b9c        0xa ./Core/Src/main.o
                0x0000000008000b9c                Error_Handler
 *fill*         0x0000000008000ba6        0x2 
 .text.HAL_MspInit
                0x0000000008000ba8       0x50 ./Core/Src/stm32f4xx_hal_msp.o
                0x0000000008000ba8                HAL_MspInit
 .text.HAL_I2C_MspInit
                0x0000000008000bf8       0xb0 ./Core/Src/stm32f4xx_hal_msp.o
                0x0000000008000bf8                HAL_I2C_MspInit
 .text.HAL_I2C_MspDeInit
                0x0000000008000ca8       0x44 ./Core/Src/stm32f4xx_hal_msp.o
                0x0000000008000ca8                HAL_I2C_MspDeInit
 .text.HAL_TIM_Base_MspInit
                0x0000000008000cec       0x4c ./Core/Src/stm32f4xx_hal_msp.o
                0x0000000008000cec                HAL_TIM_Base_MspInit
 .text.NMI_Handler
                0x0000000008000d38        0x6 ./Core/Src/stm32f4xx_it.o
                0x0000000008000d38                NMI_Handler
 .text.HardFault_Handler
                0x0000000008000d3e        0x6 ./Core/Src/stm32f4xx_it.o
                0x0000000008000d3e                HardFault_Handler
 .text.MemManage_Handler
                0x0000000008000d44        0x6 ./Core/Src/stm32f4xx_it.o
                0x0000000008000d44                MemManage_Handler
 .text.BusFault_Handler
                0x0000000008000d4a        0x6 ./Core/Src/stm32f4xx_it.o
                0x0000000008000d4a                BusFault_Handler
 .text.UsageFault_Handler
                0x0000000008000d50        0x6 ./Core/Src/stm32f4xx_it.o
                0x0000000008000d50                UsageFault_Handler
 .text.SVC_Handler
                0x0000000008000d56        0xe ./Core/Src/stm32f4xx_it.o
                0x0000000008000d56                SVC_Handler
 .text.DebugMon_Handler
                0x0000000008000d64        0xe ./Core/Src/stm32f4xx_it.o
                0x0000000008000d64                DebugMon_Handler
 .text.PendSV_Handler
                0x0000000008000d72        0xe ./Core/Src/stm32f4xx_it.o
                0x0000000008000d72                PendSV_Handler
 .text.SysTick_Handler
                0x0000000008000d80        0xc ./Core/Src/stm32f4xx_it.o
                0x0000000008000d80                SysTick_Handler
 .text.TIM2_IRQHandler
                0x0000000008000d8c       0x14 ./Core/Src/stm32f4xx_it.o
                0x0000000008000d8c                TIM2_IRQHandler
 .text.SystemInit
                0x0000000008000da0       0x24 ./Core/Src/system_stm32f4xx.o
                0x0000000008000da0                SystemInit
 .text.Reset_Handler
                0x0000000008000dc4       0x50 ./Core/Startup/startup_stm32f411vetx.o
                0x0000000008000dc4                Reset_Handler
 .text.Default_Handler
                0x0000000008000e14        0x2 ./Core/Startup/startup_stm32f411vetx.o
                0x0000000008000e14                RTC_Alarm_IRQHandler
                0x0000000008000e14                EXTI2_IRQHandler
                0x0000000008000e14                SPI4_IRQHandler
                0x0000000008000e14                TIM1_CC_IRQHandler
                0x0000000008000e14                DMA2_Stream5_IRQHandler
                0x0000000008000e14                DMA1_Stream5_IRQHandler
                0x0000000008000e14                PVD_IRQHandler
                0x0000000008000e14                SDIO_IRQHandler
                0x0000000008000e14                TAMP_STAMP_IRQHandler
                0x0000000008000e14                EXTI3_IRQHandler
                0x0000000008000e14                TIM1_UP_TIM10_IRQHandler
                0x0000000008000e14                I2C3_ER_IRQHandler
                0x0000000008000e14                EXTI0_IRQHandler
                0x0000000008000e14                I2C2_EV_IRQHandler
                0x0000000008000e14                DMA1_Stream2_IRQHandler
                0x0000000008000e14                FPU_IRQHandler
                0x0000000008000e14                DMA2_Stream2_IRQHandler
                0x0000000008000e14                SPI1_IRQHandler
                0x0000000008000e14                TIM1_BRK_TIM9_IRQHandler
                0x0000000008000e14                DMA2_Stream3_IRQHandler
                0x0000000008000e14                USART6_IRQHandler
                0x0000000008000e14                DMA2_Stream0_IRQHandler
                0x0000000008000e14                TIM4_IRQHandler
                0x0000000008000e14                I2C1_EV_IRQHandler
                0x0000000008000e14                DMA1_Stream6_IRQHandler
                0x0000000008000e14                DMA1_Stream1_IRQHandler
                0x0000000008000e14                TIM3_IRQHandler
                0x0000000008000e14                RCC_IRQHandler
                0x0000000008000e14                Default_Handler
                0x0000000008000e14                EXTI15_10_IRQHandler
                0x0000000008000e14                ADC_IRQHandler
                0x0000000008000e14                DMA1_Stream7_IRQHandler
                0x0000000008000e14                SPI5_IRQHandler
                0x0000000008000e14                TIM5_IRQHandler
                0x0000000008000e14                DMA2_Stream7_IRQHandler
                0x0000000008000e14                I2C3_EV_IRQHandler
                0x0000000008000e14                EXTI9_5_IRQHandler
                0x0000000008000e14                RTC_WKUP_IRQHandler
                0x0000000008000e14                SPI2_IRQHandler
                0x0000000008000e14                DMA1_Stream0_IRQHandler
                0x0000000008000e14                EXTI4_IRQHandler
                0x0000000008000e14                WWDG_IRQHandler
                0x0000000008000e14                OTG_FS_WKUP_IRQHandler
                0x0000000008000e14                TIM1_TRG_COM_TIM11_IRQHandler
                0x0000000008000e14                EXTI1_IRQHandler
                0x0000000008000e14                USART2_IRQHandler
                0x0000000008000e14                I2C2_ER_IRQHandler
                0x0000000008000e14                DMA2_Stream1_IRQHandler
                0x0000000008000e14                FLASH_IRQHandler
                0x0000000008000e14                DMA2_Stream4_IRQHandler
                0x0000000008000e14                USART1_IRQHandler
                0x0000000008000e14                OTG_FS_IRQHandler
                0x0000000008000e14                SPI3_IRQHandler
                0x0000000008000e14                DMA1_Stream4_IRQHandler
                0x0000000008000e14                I2C1_ER_IRQHandler
                0x0000000008000e14                DMA2_Stream6_IRQHandler
                0x0000000008000e14                DMA1_Stream3_IRQHandler
 *fill*         0x0000000008000e16        0x2 
 .text.HAL_Init
                0x0000000008000e18       0x44 ./Drivers/STM32F4xx_HAL_Driver/Src/stm32f4xx_hal.o
                0x0000000008000e18                HAL_Init
 .text.HAL_InitTick
                0x0000000008000e5c       0x60 ./Drivers/STM32F4xx_HAL_Driver/Src/stm32f4xx_hal.o
                0x0000000008000e5c                HAL_InitTick
 .text.HAL_IncTick
                0x0000000008000ebc       0x28 ./Drivers/STM32F4xx_HAL_Driver/Src/stm32f4xx_hal.o
                0x0000000008000ebc                HAL_IncTick
 .text.HAL_GetTick
                0x0000000008000ee4       0x18 ./Drivers/STM32F4xx_HAL_Driver/Src/stm32f4xx_hal.o
                0x0000000008000ee4                HAL_GetTick
 .text.HAL_Delay
                0x0000000008000efc       0x48 ./Drivers/STM32F4xx_HAL_Driver/Src/stm32f4xx_hal.o
                0x0000000008000efc                HAL_Delay
 .text.__NVIC_SetPriorityGrouping
                0x0000000008000f44       0x48 ./Drivers/STM32F4xx_HAL_Driver/Src/stm32f4xx_hal_cortex.o
 .text.__NVIC_GetPriorityGrouping
                0x0000000008000f8c       0x1c ./Drivers/STM32F4xx_HAL_Driver/Src/stm32f4xx_hal_cortex.o
 .text.__NVIC_EnableIRQ
                0x0000000008000fa8       0x3c ./Drivers/STM32F4xx_HAL_Driver/Src/stm32f4xx_hal_cortex.o
 .text.__NVIC_SetPriority
                0x0000000008000fe4       0x54 ./Drivers/STM32F4xx_HAL_Driver/Src/stm32f4xx_hal_cortex.o
 .text.NVIC_EncodePriority
                0x0000000008001038       0x66 ./Drivers/STM32F4xx_HAL_Driver/Src/stm32f4xx_hal_cortex.o
 *fill*         0x000000000800109e        0x2 
 .text.SysTick_Config
                0x00000000080010a0       0x44 ./Drivers/STM32F4xx_HAL_Driver/Src/stm32f4xx_hal_cortex.o
 .text.HAL_NVIC_SetPriorityGrouping
                0x00000000080010e4       0x16 ./Drivers/STM32F4xx_HAL_Driver/Src/stm32f4xx_hal_cortex.o
                0x00000000080010e4                HAL_NVIC_SetPriorityGrouping
 .text.HAL_NVIC_SetPriority
                0x00000000080010fa       0x38 ./Drivers/STM32F4xx_HAL_Driver/Src/stm32f4xx_hal_cortex.o
                0x00000000080010fa                HAL_NVIC_SetPriority
 .text.HAL_NVIC_EnableIRQ
                0x0000000008001132       0x1c ./Drivers/STM32F4xx_HAL_Driver/Src/stm32f4xx_hal_cortex.o
                0x0000000008001132                HAL_NVIC_EnableIRQ
 .text.HAL_SYSTICK_Config
                0x000000000800114e       0x18 ./Drivers/STM32F4xx_HAL_Driver/Src/stm32f4xx_hal_cortex.o
                0x000000000800114e                HAL_SYSTICK_Config
 *fill*         0x0000000008001166        0x2 
 .text.HAL_GPIO_Init
                0x0000000008001168      0x308 ./Drivers/STM32F4xx_HAL_Driver/Src/stm32f4xx_hal_gpio.o
                0x0000000008001168                HAL_GPIO_Init
 .text.HAL_GPIO_DeInit
                0x0000000008001470      0x1c8 ./Drivers/STM32F4xx_HAL_Driver/Src/stm32f4xx_hal_gpio.o
                0x0000000008001470                HAL_GPIO_DeInit
 .text.HAL_GPIO_ReadPin
                0x0000000008001638       0x30 ./Drivers/STM32F4xx_HAL_Driver/Src/stm32f4xx_hal_gpio.o
                0x0000000008001638                HAL_GPIO_ReadPin
 .text.HAL_GPIO_WritePin
                0x0000000008001668       0x32 ./Drivers/STM32F4xx_HAL_Driver/Src/stm32f4xx_hal_gpio.o
                0x0000000008001668                HAL_GPIO_WritePin
 *fill*         0x000000000800169a        0x2 
 .text.HAL_I2C_Init
                0x000000000800169c      0x288 ./Drivers/STM32F4xx_HAL_Driver/Src/stm32f4xx_hal_i2c.o
                0x000000000800169c                HAL_I2C_Init
 .text.HAL_I2C_DeInit
                0x0000000008001924       0x5e ./Drivers/STM32F4xx_HAL_Driver/Src/stm32f4xx_hal_i2c.o
                0x0000000008001924                HAL_I2C_DeInit
 *fill*         0x0000000008001982        0x2 
 .text.HAL_I2C_Mem_Write
                0x0000000008001984      0x1f4 ./Drivers/STM32F4xx_HAL_Driver/Src/stm32f4xx_hal_i2c.o
                0x0000000008001984                HAL_I2C_Mem_Write
 .text.HAL_I2C_Mem_Read
                0x0000000008001b78      0x44c ./Drivers/STM32F4xx_HAL_Driver/Src/stm32f4xx_hal_i2c.o
                0x0000000008001b78                HAL_I2C_Mem_Read
 .text.HAL_I2C_IsDeviceReady
                0x0000000008001fc4      0x25c ./Drivers/STM32F4xx_HAL_Driver/Src/stm32f4xx_hal_i2c.o
                0x0000000008001fc4                HAL_I2C_IsDeviceReady
 .text.I2C_RequestMemoryWrite
                0x0000000008002220      0x12c ./Drivers/STM32F4xx_HAL_Driver/Src/stm32f4xx_hal_i2c.o
 .text.I2C_RequestMemoryRead
                0x000000000800234c      0x1d0 ./Drivers/STM32F4xx_HAL_Driver/Src/stm32f4xx_hal_i2c.o
 .text.I2C_WaitOnFlagUntilTimeout
                0x000000000800251c       0xae ./Drivers/STM32F4xx_HAL_Driver/Src/stm32f4xx_hal_i2c.o
 .text.I2C_WaitOnMasterAddressFlagUntilTimeout
                0x00000000080025ca       0xfe ./Drivers/STM32F4xx_HAL_Driver/Src/stm32f4xx_hal_i2c.o
 .text.I2C_WaitOnTXEFlagUntilTimeout
                0x00000000080026c8       0x82 ./Drivers/STM32F4xx_HAL_Driver/Src/stm32f4xx_hal_i2c.o
 .text.I2C_WaitOnBTFFlagUntilTimeout
                0x000000000800274a       0x82 ./Drivers/STM32F4xx_HAL_Driver/Src/stm32f4xx_hal_i2c.o
 .text.I2C_WaitOnRXNEFlagUntilTimeout
                0x00000000080027cc       0xac ./Drivers/STM32F4xx_HAL_Driver/Src/stm32f4xx_hal_i2c.o
 .text.I2C_IsAcknowledgeFailed
                0x0000000008002878       0x5e ./Drivers/STM32F4xx_HAL_Driver/Src/stm32f4xx_hal_i2c.o
 *fill*         0x00000000080028d6        0x2 
 .text.HAL_RCC_OscConfig
                0x00000000080028d8      0x4f0 ./Drivers/STM32F4xx_HAL_Driver/Src/stm32f4xx_hal_rcc.o
                0x00000000080028d8                HAL_RCC_OscConfig
 .text.HAL_RCC_ClockConfig
                0x0000000008002dc8      0x1cc ./Drivers/STM32F4xx_HAL_Driver/Src/stm32f4xx_hal_rcc.o
                0x0000000008002dc8                HAL_RCC_ClockConfig
 .text.HAL_RCC_GetSysClockFreq
                0x0000000008002f94      0x1c4 ./Drivers/STM32F4xx_HAL_Driver/Src/stm32f4xx_hal_rcc.o
                0x0000000008002f94                HAL_RCC_GetSysClockFreq
 .text.HAL_RCC_GetHCLKFreq
                0x0000000008003158       0x18 ./Drivers/STM32F4xx_HAL_Driver/Src/stm32f4xx_hal_rcc.o
                0x0000000008003158                HAL_RCC_GetHCLKFreq
 .text.HAL_RCC_GetPCLK1Freq
                0x0000000008003170       0x28 ./Drivers/STM32F4xx_HAL_Driver/Src/stm32f4xx_hal_rcc.o
                0x0000000008003170                HAL_RCC_GetPCLK1Freq
 .text.HAL_TIM_Base_Init
                0x0000000008003198       0x9e ./Drivers/STM32F4xx_HAL_Driver/Src/stm32f4xx_hal_tim.o
                0x0000000008003198                HAL_TIM_Base_Init
 *fill*         0x0000000008003236        0x2 
 .text.HAL_TIM_Base_Start_IT
                0x0000000008003238       0xc4 ./Drivers/STM32F4xx_HAL_Driver/Src/stm32f4xx_hal_tim.o
                0x0000000008003238                HAL_TIM_Base_Start_IT
 .text.HAL_TIM_IRQHandler
                0x00000000080032fc      0x210 ./Drivers/STM32F4xx_HAL_Driver/Src/stm32f4xx_hal_tim.o
                0x00000000080032fc                HAL_TIM_IRQHandler
 .text.HAL_TIM_ConfigClockSource
                0x000000000800350c      0x18e ./Drivers/STM32F4xx_HAL_Driver/Src/stm32f4xx_hal_tim.o
                0x000000000800350c                HAL_TIM_ConfigClockSource
 .text.HAL_TIM_PeriodElapsedCallback
                0x000000000800369a       0x14 ./Drivers/STM32F4xx_HAL_Driver/Src/stm32f4xx_hal_tim.o
                0x000000000800369a                HAL_TIM_PeriodElapsedCallback
 .text.HAL_TIM_OC_DelayElapsedCallback
                0x00000000080036ae       0x14 ./Drivers/STM32F4xx_HAL_Driver/Src/stm32f4xx_hal_tim.o
                0x00000000080036ae                HAL_TIM_OC_DelayElapsedCallback
 .text.HAL_TIM_IC_CaptureCallback
                0x00000000080036c2       0x14 ./Drivers/STM32F4xx_HAL_Driver/Src/stm32f4xx_hal_tim.o
                0x00000000080036c2                HAL_TIM_IC_CaptureCallback
 .text.HAL_TIM_PWM_PulseFinishedCallback
                0x00000000080036d6       0x14 ./Drivers/STM32F4xx_HAL_Driver/Src/stm32f4xx_hal_tim.o
                0x00000000080036d6                HAL_TIM_PWM_PulseFinishedCallback
 .text.HAL_TIM_TriggerCallback
                0x00000000080036ea       0x14 ./Drivers/STM32F4xx_HAL_Driver/Src/stm32f4xx_hal_tim.o
                0x00000000080036ea                HAL_TIM_TriggerCallback
 *fill*         0x00000000080036fe        0x2 
 .text.TIM_Base_SetConfig
                0x0000000008003700      0x100 ./Drivers/STM32F4xx_HAL_Driver/Src/stm32f4xx_hal_tim.o
                0x0000000008003700                TIM_Base_SetConfig
 .text.TIM_TI1_ConfigInputStage
                0x0000000008003800       0x5e ./Drivers/STM32F4xx_HAL_Driver/Src/stm32f4xx_hal_tim.o
 .text.TIM_TI2_ConfigInputStage
                0x000000000800385e       0x60 ./Drivers/STM32F4xx_HAL_Driver/Src/stm32f4xx_hal_tim.o
 .text.TIM_ITRx_SetConfig
                0x00000000080038be       0x36 ./Drivers/STM32F4xx_HAL_Driver/Src/stm32f4xx_hal_tim.o
 .text.TIM_ETR_SetConfig
                0x00000000080038f4       0x40 ./Drivers/STM32F4xx_HAL_Driver/Src/stm32f4xx_hal_tim.o
                0x00000000080038f4                TIM_ETR_SetConfig
 .text.HAL_TIMEx_MasterConfigSynchronization
                0x0000000008003934       0xdc ./Drivers/STM32F4xx_HAL_Driver/Src/stm32f4xx_hal_tim_ex.o
                0x0000000008003934                HAL_TIMEx_MasterConfigSynchronization
 .text.HAL_TIMEx_CommutCallback
                0x0000000008003a10       0x14 ./Drivers/STM32F4xx_HAL_Driver/Src/stm32f4xx_hal_tim_ex.o
                0x0000000008003a10                HAL_TIMEx_CommutCallback
 .text.HAL_TIMEx_BreakCallback
                0x0000000008003a24       0x14 ./Drivers/STM32F4xx_HAL_Driver/Src/stm32f4xx_hal_tim_ex.o
                0x0000000008003a24                HAL_TIMEx_BreakCallback
 .text.__libc_init_array
                0x0000000008003a38       0x48 c:/st/stm32cubeide_1.7.0/stm32cubeide/plugins/com.st.stm32cube.ide.mcu.externaltools.gnu-tools-for-stm32.9-2020-q2-update.win32_2.0.0.202105311346/tools/bin/../lib/gcc/arm-none-eabi/9.3.1/../../../../arm-none-eabi/lib/thumb/v7e-m+fp/hard\libc_nano.a(lib_a-init.o)
                0x0000000008003a38                __libc_init_array
 .text.memset   0x0000000008003a80       0x10 c:/st/stm32cubeide_1.7.0/stm32cubeide/plugins/com.st.stm32cube.ide.mcu.externaltools.gnu-tools-for-stm32.9-2020-q2-update.win32_2.0.0.202105311346/tools/bin/../lib/gcc/arm-none-eabi/9.3.1/../../../../arm-none-eabi/lib/thumb/v7e-m+fp/hard\libc_nano.a(lib_a-memset.o)
                0x0000000008003a80                memset
 *(.glue_7)
 .glue_7        0x0000000008003a90        0x0 linker stubs
 *(.glue_7t)
 .glue_7t       0x0000000008003a90        0x0 linker stubs
 *(.eh_frame)
 .eh_frame      0x0000000008003a90        0x0 c:/st/stm32cubeide_1.7.0/stm32cubeide/plugins/com.st.stm32cube.ide.mcu.externaltools.gnu-tools-for-stm32.9-2020-q2-update.win32_2.0.0.202105311346/tools/bin/../lib/gcc/arm-none-eabi/9.3.1/thumb/v7e-m+fp/hard/crtbegin.o
 *(.init)
 .init          0x0000000008003a90        0x4 c:/st/stm32cubeide_1.7.0/stm32cubeide/plugins/com.st.stm32cube.ide.mcu.externaltools.gnu-tools-for-stm32.9-2020-q2-update.win32_2.0.0.202105311346/tools/bin/../lib/gcc/arm-none-eabi/9.3.1/thumb/v7e-m+fp/hard/crti.o
                0x0000000008003a90                _init
 .init          0x0000000008003a94        0x8 c:/st/stm32cubeide_1.7.0/stm32cubeide/plugins/com.st.stm32cube.ide.mcu.externaltools.gnu-tools-for-stm32.9-2020-q2-update.win32_2.0.0.202105311346/tools/bin/../lib/gcc/arm-none-eabi/9.3.1/thumb/v7e-m+fp/hard/crtn.o
 *(.fini)
 .fini          0x0000000008003a9c        0x4 c:/st/stm32cubeide_1.7.0/stm32cubeide/plugins/com.st.stm32cube.ide.mcu.externaltools.gnu-tools-for-stm32.9-2020-q2-update.win32_2.0.0.202105311346/tools/bin/../lib/gcc/arm-none-eabi/9.3.1/thumb/v7e-m+fp/hard/crti.o
                0x0000000008003a9c                _fini
 .fini          0x0000000008003aa0        0x8 c:/st/stm32cubeide_1.7.0/stm32cubeide/plugins/com.st.stm32cube.ide.mcu.externaltools.gnu-tools-for-stm32.9-2020-q2-update.win32_2.0.0.202105311346/tools/bin/../lib/gcc/arm-none-eabi/9.3.1/thumb/v7e-m+fp/hard/crtn.o
                0x0000000008003aa8                . = ALIGN (0x4)
                0x0000000008003aa8                _etext = .

.vfp11_veneer   0x0000000008003aa8        0x0
 .vfp11_veneer  0x0000000008003aa8        0x0 linker stubs

.v4_bx          0x0000000008003aa8        0x0
 .v4_bx         0x0000000008003aa8        0x0 linker stubs

.iplt           0x0000000008003aa8        0x0
 .iplt          0x0000000008003aa8        0x0 c:/st/stm32cubeide_1.7.0/stm32cubeide/plugins/com.st.stm32cube.ide.mcu.externaltools.gnu-tools-for-stm32.9-2020-q2-update.win32_2.0.0.202105311346/tools/bin/../lib/gcc/arm-none-eabi/9.3.1/thumb/v7e-m+fp/hard/crtbegin.o

.rodata         0x0000000008003aa8       0x18
                0x0000000008003aa8                . = ALIGN (0x4)
 *(.rodata)
 *(.rodata*)
 .rodata.AHBPrescTable
                0x0000000008003aa8       0x10 ./Core/Src/system_stm32f4xx.o
                0x0000000008003aa8                AHBPrescTable
 .rodata.APBPrescTable
                0x0000000008003ab8        0x8 ./Core/Src/system_stm32f4xx.o
                0x0000000008003ab8                APBPrescTable
                0x0000000008003ac0                . = ALIGN (0x4)

.ARM.extab      0x0000000008003ac0        0x0
                0x0000000008003ac0                . = ALIGN (0x4)
 *(.ARM.extab* .gnu.linkonce.armextab.*)
                0x0000000008003ac0                . = ALIGN (0x4)

.ARM            0x0000000008003ac0        0x8
                0x0000000008003ac0                . = ALIGN (0x4)
                0x0000000008003ac0                __exidx_start = .
 *(.ARM.exidx*)
 .ARM.exidx     0x0000000008003ac0        0x8 c:/st/stm32cubeide_1.7.0/stm32cubeide/plugins/com.st.stm32cube.ide.mcu.externaltools.gnu-tools-for-stm32.9-2020-q2-update.win32_2.0.0.202105311346/tools/bin/../lib/gcc/arm-none-eabi/9.3.1/thumb/v7e-m+fp/hard\libgcc.a(_udivmoddi4.o)
                0x0000000008003ac8                __exidx_end = .
                0x0000000008003ac8                . = ALIGN (0x4)

.rel.dyn        0x0000000008003ac8        0x0
 .rel.iplt      0x0000000008003ac8        0x0 c:/st/stm32cubeide_1.7.0/stm32cubeide/plugins/com.st.stm32cube.ide.mcu.externaltools.gnu-tools-for-stm32.9-2020-q2-update.win32_2.0.0.202105311346/tools/bin/../lib/gcc/arm-none-eabi/9.3.1/thumb/v7e-m+fp/hard/crtbegin.o

.preinit_array  0x0000000008003ac8        0x0
                0x0000000008003ac8                . = ALIGN (0x4)
                0x0000000008003ac8                PROVIDE (__preinit_array_start = .)
 *(.preinit_array*)
                0x0000000008003ac8                PROVIDE (__preinit_array_end = .)
                0x0000000008003ac8                . = ALIGN (0x4)

.init_array     0x0000000008003ac8        0x4
                0x0000000008003ac8                . = ALIGN (0x4)
                0x0000000008003ac8                PROVIDE (__init_array_start = .)
 *(SORT_BY_NAME(.init_array.*))
 *(.init_array*)
 .init_array    0x0000000008003ac8        0x4 c:/st/stm32cubeide_1.7.0/stm32cubeide/plugins/com.st.stm32cube.ide.mcu.externaltools.gnu-tools-for-stm32.9-2020-q2-update.win32_2.0.0.202105311346/tools/bin/../lib/gcc/arm-none-eabi/9.3.1/thumb/v7e-m+fp/hard/crtbegin.o
                0x0000000008003acc                PROVIDE (__init_array_end = .)
                0x0000000008003acc                . = ALIGN (0x4)

.fini_array     0x0000000008003acc        0x4
                0x0000000008003acc                . = ALIGN (0x4)
                [!provide]                        PROVIDE (__fini_array_start = .)
 *(SORT_BY_NAME(.fini_array.*))
 *(.fini_array*)
 .fini_array    0x0000000008003acc        0x4 c:/st/stm32cubeide_1.7.0/stm32cubeide/plugins/com.st.stm32cube.ide.mcu.externaltools.gnu-tools-for-stm32.9-2020-q2-update.win32_2.0.0.202105311346/tools/bin/../lib/gcc/arm-none-eabi/9.3.1/thumb/v7e-m+fp/hard/crtbegin.o
                [!provide]                        PROVIDE (__fini_array_end = .)
                0x0000000008003ad0                . = ALIGN (0x4)
                0x0000000008003ad0                _sidata = LOADADDR (.data)

.data           0x0000000020000000       0x14 load address 0x0000000008003ad0
                0x0000000020000000                . = ALIGN (0x4)
                0x0000000020000000                _sdata = .
 *(.data)
 *(.data*)
 .data.dataXL   0x0000000020000000        0x1 ./Core/Src/main.o
                0x0000000020000000                dataXL
 .data.dataXH   0x0000000020000001        0x1 ./Core/Src/main.o
                0x0000000020000001                dataXH
 .data.dataYL   0x0000000020000002        0x1 ./Core/Src/main.o
                0x0000000020000002                dataYL
 .data.dataYH   0x0000000020000003        0x1 ./Core/Src/main.o
                0x0000000020000003                dataYH
 .data.dataZL   0x0000000020000004        0x1 ./Core/Src/main.o
                0x0000000020000004                dataZL
 .data.dataZH   0x0000000020000005        0x1 ./Core/Src/main.o
                0x0000000020000005                dataZH
 *fill*         0x0000000020000006        0x2 
 .data.SystemCoreClock
                0x0000000020000008        0x4 ./Core/Src/system_stm32f4xx.o
                0x0000000020000008                SystemCoreClock
 .data.uwTickPrio
                0x000000002000000c        0x4 ./Drivers/STM32F4xx_HAL_Driver/Src/stm32f4xx_hal.o
                0x000000002000000c                uwTickPrio
 .data.uwTickFreq
                0x0000000020000010        0x1 ./Drivers/STM32F4xx_HAL_Driver/Src/stm32f4xx_hal.o
                0x0000000020000010                uwTickFreq
 *(.RamFunc)
 *(.RamFunc*)
                0x0000000020000014                . = ALIGN (0x4)
 *fill*         0x0000000020000011        0x3 
                0x0000000020000014                _edata = .

.igot.plt       0x0000000020000014        0x0 load address 0x0000000008003ae4
 .igot.plt      0x0000000020000014        0x0 c:/st/stm32cubeide_1.7.0/stm32cubeide/plugins/com.st.stm32cube.ide.mcu.externaltools.gnu-tools-for-stm32.9-2020-q2-update.win32_2.0.0.202105311346/tools/bin/../lib/gcc/arm-none-eabi/9.3.1/thumb/v7e-m+fp/hard/crtbegin.o
                0x0000000020000014                . = ALIGN (0x4)

.bss            0x0000000020000014       0xd0 load address 0x0000000008003ae4
                0x0000000020000014                _sbss = .
                0x0000000020000014                __bss_start__ = _sbss
 *(.bss)
 .bss           0x0000000020000014       0x1c c:/st/stm32cubeide_1.7.0/stm32cubeide/plugins/com.st.stm32cube.ide.mcu.externaltools.gnu-tools-for-stm32.9-2020-q2-update.win32_2.0.0.202105311346/tools/bin/../lib/gcc/arm-none-eabi/9.3.1/thumb/v7e-m+fp/hard/crtbegin.o
 *(.bss*)
 .bss.sensorAddr
                0x0000000020000030        0x1 ./Core/Src/main.o
                0x0000000020000030                sensorAddr
 .bss.memAddr   0x0000000020000031        0x1 ./Core/Src/main.o
                0x0000000020000031                memAddr
 *(COMMON)
 *fill*         0x0000000020000032        0x2 
 COMMON         0x0000000020000034       0xaa ./Core/Src/main.o
                0x0000000020000034                ctrl_reg1_a
                0x0000000020000038                hi2c1
                0x000000002000008c                status2
                0x000000002000008d                ctrl_reg4_a
                0x000000002000008e                ctrl_reg6_a
                0x000000002000008f                status1
                0x0000000020000090                ctrl_reg2_a
                0x0000000020000091                adr
                0x0000000020000094                htim2
                0x00000000200000dc                ctrl_reg3_a
                0x00000000200000dd                ctrl_reg5_a
 *fill*         0x00000000200000de        0x2 
 COMMON         0x00000000200000e0        0x4 ./Drivers/STM32F4xx_HAL_Driver/Src/stm32f4xx_hal.o
                0x00000000200000e0                uwTick
                0x00000000200000e4                . = ALIGN (0x4)
                0x00000000200000e4                _ebss = .
                0x00000000200000e4                __bss_end__ = _ebss

._user_heap_stack
                0x00000000200000e4      0x604 load address 0x0000000008003ae4
                0x00000000200000e8                . = ALIGN (0x8)
 *fill*         0x00000000200000e4        0x4 
                [!provide]                        PROVIDE (end = .)
                0x00000000200000e8                PROVIDE (_end = .)
                0x00000000200002e8                . = (. + _Min_Heap_Size)
 *fill*         0x00000000200000e8      0x200 
                0x00000000200006e8                . = (. + _Min_Stack_Size)
 *fill*         0x00000000200002e8      0x400 
                0x00000000200006e8                . = ALIGN (0x8)

/DISCARD/
 libc.a(*)
 libm.a(*)
 libgcc.a(*)

.ARM.attributes
                0x0000000000000000       0x30
 *(.ARM.attributes)
 .ARM.attributes
                0x0000000000000000       0x1e c:/st/stm32cubeide_1.7.0/stm32cubeide/plugins/com.st.stm32cube.ide.mcu.externaltools.gnu-tools-for-stm32.9-2020-q2-update.win32_2.0.0.202105311346/tools/bin/../lib/gcc/arm-none-eabi/9.3.1/thumb/v7e-m+fp/hard/crti.o
 .ARM.attributes
                0x000000000000001e       0x34 c:/st/stm32cubeide_1.7.0/stm32cubeide/plugins/com.st.stm32cube.ide.mcu.externaltools.gnu-tools-for-stm32.9-2020-q2-update.win32_2.0.0.202105311346/tools/bin/../lib/gcc/arm-none-eabi/9.3.1/thumb/v7e-m+fp/hard/crtbegin.o
 .ARM.attributes
                0x0000000000000052       0x34 ./Core/Src/main.o
 .ARM.attributes
                0x0000000000000086       0x34 ./Core/Src/stm32f4xx_hal_msp.o
 .ARM.attributes
                0x00000000000000ba       0x34 ./Core/Src/stm32f4xx_it.o
 .ARM.attributes
                0x00000000000000ee       0x34 ./Core/Src/system_stm32f4xx.o
 .ARM.attributes
                0x0000000000000122       0x21 ./Core/Startup/startup_stm32f411vetx.o
 .ARM.attributes
                0x0000000000000143       0x34 ./Drivers/STM32F4xx_HAL_Driver/Src/stm32f4xx_hal.o
 .ARM.attributes
                0x0000000000000177       0x34 ./Drivers/STM32F4xx_HAL_Driver/Src/stm32f4xx_hal_cortex.o
 .ARM.attributes
                0x00000000000001ab       0x34 ./Drivers/STM32F4xx_HAL_Driver/Src/stm32f4xx_hal_gpio.o
 .ARM.attributes
                0x00000000000001df       0x34 ./Drivers/STM32F4xx_HAL_Driver/Src/stm32f4xx_hal_i2c.o
 .ARM.attributes
                0x0000000000000213       0x34 ./Drivers/STM32F4xx_HAL_Driver/Src/stm32f4xx_hal_rcc.o
 .ARM.attributes
                0x0000000000000247       0x34 ./Drivers/STM32F4xx_HAL_Driver/Src/stm32f4xx_hal_tim.o
 .ARM.attributes
                0x000000000000027b       0x34 ./Drivers/STM32F4xx_HAL_Driver/Src/stm32f4xx_hal_tim_ex.o
 .ARM.attributes
                0x00000000000002af       0x34 c:/st/stm32cubeide_1.7.0/stm32cubeide/plugins/com.st.stm32cube.ide.mcu.externaltools.gnu-tools-for-stm32.9-2020-q2-update.win32_2.0.0.202105311346/tools/bin/../lib/gcc/arm-none-eabi/9.3.1/../../../../arm-none-eabi/lib/thumb/v7e-m+fp/hard\libc_nano.a(lib_a-init.o)
 .ARM.attributes
                0x00000000000002e3       0x34 c:/st/stm32cubeide_1.7.0/stm32cubeide/plugins/com.st.stm32cube.ide.mcu.externaltools.gnu-tools-for-stm32.9-2020-q2-update.win32_2.0.0.202105311346/tools/bin/../lib/gcc/arm-none-eabi/9.3.1/../../../../arm-none-eabi/lib/thumb/v7e-m+fp/hard\libc_nano.a(lib_a-memset.o)
 .ARM.attributes
                0x0000000000000317       0x1e c:/st/stm32cubeide_1.7.0/stm32cubeide/plugins/com.st.stm32cube.ide.mcu.externaltools.gnu-tools-for-stm32.9-2020-q2-update.win32_2.0.0.202105311346/tools/bin/../lib/gcc/arm-none-eabi/9.3.1/thumb/v7e-m+fp/hard\libgcc.a(_aeabi_uldivmod.o)
 .ARM.attributes
                0x0000000000000335       0x34 c:/st/stm32cubeide_1.7.0/stm32cubeide/plugins/com.st.stm32cube.ide.mcu.externaltools.gnu-tools-for-stm32.9-2020-q2-update.win32_2.0.0.202105311346/tools/bin/../lib/gcc/arm-none-eabi/9.3.1/thumb/v7e-m+fp/hard\libgcc.a(_udivmoddi4.o)
 .ARM.attributes
                0x0000000000000369       0x1e c:/st/stm32cubeide_1.7.0/stm32cubeide/plugins/com.st.stm32cube.ide.mcu.externaltools.gnu-tools-for-stm32.9-2020-q2-update.win32_2.0.0.202105311346/tools/bin/../lib/gcc/arm-none-eabi/9.3.1/thumb/v7e-m+fp/hard\libgcc.a(_dvmd_tls.o)
 .ARM.attributes
                0x0000000000000387       0x1e c:/st/stm32cubeide_1.7.0/stm32cubeide/plugins/com.st.stm32cube.ide.mcu.externaltools.gnu-tools-for-stm32.9-2020-q2-update.win32_2.0.0.202105311346/tools/bin/../lib/gcc/arm-none-eabi/9.3.1/thumb/v7e-m+fp/hard/crtn.o
OUTPUT(DISCO_TEST4.elf elf32-littlearm)
LOAD linker stubs
LOAD c:/st/stm32cubeide_1.7.0/stm32cubeide/plugins/com.st.stm32cube.ide.mcu.externaltools.gnu-tools-for-stm32.9-2020-q2-update.win32_2.0.0.202105311346/tools/bin/../lib/gcc/arm-none-eabi/9.3.1/../../../../arm-none-eabi/lib/thumb/v7e-m+fp/hard\libc.a
LOAD c:/st/stm32cubeide_1.7.0/stm32cubeide/plugins/com.st.stm32cube.ide.mcu.externaltools.gnu-tools-for-stm32.9-2020-q2-update.win32_2.0.0.202105311346/tools/bin/../lib/gcc/arm-none-eabi/9.3.1/../../../../arm-none-eabi/lib/thumb/v7e-m+fp/hard\libm.a
LOAD c:/st/stm32cubeide_1.7.0/stm32cubeide/plugins/com.st.stm32cube.ide.mcu.externaltools.gnu-tools-for-stm32.9-2020-q2-update.win32_2.0.0.202105311346/tools/bin/../lib/gcc/arm-none-eabi/9.3.1/thumb/v7e-m+fp/hard\libgcc.a

.debug_info     0x0000000000000000     0xc311
 .debug_info    0x0000000000000000     0x138b ./Core/Src/main.o
 .debug_info    0x000000000000138b      0xfe9 ./Core/Src/stm32f4xx_hal_msp.o
 .debug_info    0x0000000000002374      0x7f9 ./Core/Src/stm32f4xx_it.o
 .debug_info    0x0000000000002b6d      0x5d0 ./Core/Src/system_stm32f4xx.o
 .debug_info    0x000000000000313d       0x22 ./Core/Startup/startup_stm32f411vetx.o
 .debug_info    0x000000000000315f      0x944 ./Drivers/STM32F4xx_HAL_Driver/Src/stm32f4xx_hal.o
 .debug_info    0x0000000000003aa3      0xe47 ./Drivers/STM32F4xx_HAL_Driver/Src/stm32f4xx_hal_cortex.o
 .debug_info    0x00000000000048ea      0x862 ./Drivers/STM32F4xx_HAL_Driver/Src/stm32f4xx_hal_gpio.o
 .debug_info    0x000000000000514c     0x2653 ./Drivers/STM32F4xx_HAL_Driver/Src/stm32f4xx_hal_i2c.o
 .debug_info    0x000000000000779f      0x9be ./Drivers/STM32F4xx_HAL_Driver/Src/stm32f4xx_hal_rcc.o
 .debug_info    0x000000000000815d     0x2c1a ./Drivers/STM32F4xx_HAL_Driver/Src/stm32f4xx_hal_tim.o
 .debug_info    0x000000000000ad77     0x159a ./Drivers/STM32F4xx_HAL_Driver/Src/stm32f4xx_hal_tim_ex.o

.debug_abbrev   0x0000000000000000     0x18b2
 .debug_abbrev  0x0000000000000000      0x2d3 ./Core/Src/main.o
 .debug_abbrev  0x00000000000002d3      0x1c8 ./Core/Src/stm32f4xx_hal_msp.o
 .debug_abbrev  0x000000000000049b      0x187 ./Core/Src/stm32f4xx_it.o
 .debug_abbrev  0x0000000000000622      0x145 ./Core/Src/system_stm32f4xx.o
 .debug_abbrev  0x0000000000000767       0x12 ./Core/Startup/startup_stm32f411vetx.o
 .debug_abbrev  0x0000000000000779      0x21e ./Drivers/STM32F4xx_HAL_Driver/Src/stm32f4xx_hal.o
 .debug_abbrev  0x0000000000000997      0x33c ./Drivers/STM32F4xx_HAL_Driver/Src/stm32f4xx_hal_cortex.o
 .debug_abbrev  0x0000000000000cd3      0x1f1 ./Drivers/STM32F4xx_HAL_Driver/Src/stm32f4xx_hal_gpio.o
 .debug_abbrev  0x0000000000000ec4      0x293 ./Drivers/STM32F4xx_HAL_Driver/Src/stm32f4xx_hal_i2c.o
 .debug_abbrev  0x0000000000001157      0x275 ./Drivers/STM32F4xx_HAL_Driver/Src/stm32f4xx_hal_rcc.o
 .debug_abbrev  0x00000000000013cc      0x26f ./Drivers/STM32F4xx_HAL_Driver/Src/stm32f4xx_hal_tim.o
 .debug_abbrev  0x000000000000163b      0x277 ./Drivers/STM32F4xx_HAL_Driver/Src/stm32f4xx_hal_tim_ex.o

.debug_aranges  0x0000000000000000      0xc10
 .debug_aranges
                0x0000000000000000       0x58 ./Core/Src/main.o
 .debug_aranges
                0x0000000000000058       0x40 ./Core/Src/stm32f4xx_hal_msp.o
 .debug_aranges
                0x0000000000000098       0x68 ./Core/Src/stm32f4xx_it.o
 .debug_aranges
                0x0000000000000100       0x28 ./Core/Src/system_stm32f4xx.o
 .debug_aranges
                0x0000000000000128       0x28 ./Core/Startup/startup_stm32f411vetx.o
 .debug_aranges
                0x0000000000000150       0xf0 ./Drivers/STM32F4xx_HAL_Driver/Src/stm32f4xx_hal.o
 .debug_aranges
                0x0000000000000240      0x118 ./Drivers/STM32F4xx_HAL_Driver/Src/stm32f4xx_hal_cortex.o
 .debug_aranges
                0x0000000000000358       0x58 ./Drivers/STM32F4xx_HAL_Driver/Src/stm32f4xx_hal_gpio.o
 .debug_aranges
                0x00000000000003b0      0x2a0 ./Drivers/STM32F4xx_HAL_Driver/Src/stm32f4xx_hal_i2c.o
 .debug_aranges
                0x0000000000000650       0x88 ./Drivers/STM32F4xx_HAL_Driver/Src/stm32f4xx_hal_rcc.o
 .debug_aranges
                0x00000000000006d8      0x3d0 ./Drivers/STM32F4xx_HAL_Driver/Src/stm32f4xx_hal_tim.o
 .debug_aranges
                0x0000000000000aa8      0x168 ./Drivers/STM32F4xx_HAL_Driver/Src/stm32f4xx_hal_tim_ex.o

.debug_ranges   0x0000000000000000      0xb80
 .debug_ranges  0x0000000000000000       0x48 ./Core/Src/main.o
 .debug_ranges  0x0000000000000048       0x30 ./Core/Src/stm32f4xx_hal_msp.o
 .debug_ranges  0x0000000000000078       0x58 ./Core/Src/stm32f4xx_it.o
 .debug_ranges  0x00000000000000d0       0x18 ./Core/Src/system_stm32f4xx.o
 .debug_ranges  0x00000000000000e8       0x20 ./Core/Startup/startup_stm32f411vetx.o
 .debug_ranges  0x0000000000000108       0xe0 ./Drivers/STM32F4xx_HAL_Driver/Src/stm32f4xx_hal.o
 .debug_ranges  0x00000000000001e8      0x108 ./Drivers/STM32F4xx_HAL_Driver/Src/stm32f4xx_hal_cortex.o
 .debug_ranges  0x00000000000002f0       0x48 ./Drivers/STM32F4xx_HAL_Driver/Src/stm32f4xx_hal_gpio.o
 .debug_ranges  0x0000000000000338      0x2b8 ./Drivers/STM32F4xx_HAL_Driver/Src/stm32f4xx_hal_i2c.o
 .debug_ranges  0x00000000000005f0       0x78 ./Drivers/STM32F4xx_HAL_Driver/Src/stm32f4xx_hal_rcc.o
 .debug_ranges  0x0000000000000668      0x3c0 ./Drivers/STM32F4xx_HAL_Driver/Src/stm32f4xx_hal_tim.o
 .debug_ranges  0x0000000000000a28      0x158 ./Drivers/STM32F4xx_HAL_Driver/Src/stm32f4xx_hal_tim_ex.o

.debug_macro    0x0000000000000000    0x1566e
 .debug_macro   0x0000000000000000      0x208 ./Core/Src/main.o
 .debug_macro   0x0000000000000208      0xaa8 ./Core/Src/main.o
 .debug_macro   0x0000000000000cb0      0x29b ./Core/Src/main.o
 .debug_macro   0x0000000000000f4b       0x2e ./Core/Src/main.o
 .debug_macro   0x0000000000000f79       0x28 ./Core/Src/main.o
 .debug_macro   0x0000000000000fa1       0x22 ./Core/Src/main.o
 .debug_macro   0x0000000000000fc3       0x8e ./Core/Src/main.o
 .debug_macro   0x0000000000001051       0x51 ./Core/Src/main.o
 .debug_macro   0x00000000000010a2      0x103 ./Core/Src/main.o
 .debug_macro   0x00000000000011a5       0x6a ./Core/Src/main.o
 .debug_macro   0x000000000000120f      0x1df ./Core/Src/main.o
 .debug_macro   0x00000000000013ee       0x1c ./Core/Src/main.o
 .debug_macro   0x000000000000140a       0x22 ./Core/Src/main.o
 .debug_macro   0x000000000000142c       0xdf ./Core/Src/main.o
 .debug_macro   0x000000000000150b     0x102d ./Core/Src/main.o
 .debug_macro   0x0000000000002538      0x11f ./Core/Src/main.o
 .debug_macro   0x0000000000002657     0xb953 ./Core/Src/main.o
 .debug_macro   0x000000000000dfaa       0x6d ./Core/Src/main.o
 .debug_macro   0x000000000000e017     0x3666 ./Core/Src/main.o
 .debug_macro   0x000000000001167d      0x174 ./Core/Src/main.o
 .debug_macro   0x00000000000117f1       0x5c ./Core/Src/main.o
 .debug_macro   0x000000000001184d      0x447 ./Core/Src/main.o
 .debug_macro   0x0000000000011c94      0x9fe ./Core/Src/main.o
 .debug_macro   0x0000000000012692      0x116 ./Core/Src/main.o
 .debug_macro   0x00000000000127a8      0x11b ./Core/Src/main.o
 .debug_macro   0x00000000000128c3       0xa5 ./Core/Src/main.o
 .debug_macro   0x0000000000012968      0x15f ./Core/Src/main.o
 .debug_macro   0x0000000000012ac7      0x287 ./Core/Src/main.o
 .debug_macro   0x0000000000012d4e       0x5f ./Core/Src/main.o
 .debug_macro   0x0000000000012dad      0x236 ./Core/Src/main.o
 .debug_macro   0x0000000000012fe3      0x132 ./Core/Src/main.o
 .debug_macro   0x0000000000013115      0x264 ./Core/Src/main.o
 .debug_macro   0x0000000000013379       0x2e ./Core/Src/main.o
 .debug_macro   0x00000000000133a7      0x1b5 ./Core/Src/main.o
 .debug_macro   0x000000000001355c       0x22 ./Core/Src/main.o
 .debug_macro   0x000000000001357e       0xd6 ./Core/Src/main.o
 .debug_macro   0x0000000000013654      0x11a ./Core/Src/main.o
 .debug_macro   0x000000000001376e       0x85 ./Core/Src/main.o
 .debug_macro   0x00000000000137f3       0x89 ./Core/Src/main.o
 .debug_macro   0x000000000001387c      0x8d1 ./Core/Src/main.o
 .debug_macro   0x000000000001414d       0x47 ./Core/Src/main.o
 .debug_macro   0x0000000000014194      0x126 ./Core/Src/main.o
 .debug_macro   0x00000000000142ba       0x22 ./Core/Src/main.o
 .debug_macro   0x00000000000142dc      0x1e7 ./Core/Src/stm32f4xx_hal_msp.o
 .debug_macro   0x00000000000144c3      0x1f1 ./Core/Src/stm32f4xx_it.o
 .debug_macro   0x00000000000146b4      0x1dd ./Core/Src/system_stm32f4xx.o
 .debug_macro   0x0000000000014891      0x23d ./Drivers/STM32F4xx_HAL_Driver/Src/stm32f4xx_hal.o
 .debug_macro   0x0000000000014ace      0x1dd ./Drivers/STM32F4xx_HAL_Driver/Src/stm32f4xx_hal_cortex.o
 .debug_macro   0x0000000000014cab      0x1e3 ./Drivers/STM32F4xx_HAL_Driver/Src/stm32f4xx_hal_gpio.o
 .debug_macro   0x0000000000014e8e      0x224 ./Drivers/STM32F4xx_HAL_Driver/Src/stm32f4xx_hal_i2c.o
 .debug_macro   0x00000000000150b2      0x201 ./Drivers/STM32F4xx_HAL_Driver/Src/stm32f4xx_hal_rcc.o
 .debug_macro   0x00000000000152b3      0x1de ./Drivers/STM32F4xx_HAL_Driver/Src/stm32f4xx_hal_tim.o
 .debug_macro   0x0000000000015491      0x1dd ./Drivers/STM32F4xx_HAL_Driver/Src/stm32f4xx_hal_tim_ex.o

.debug_line     0x0000000000000000     0xd636
 .debug_line    0x0000000000000000      0x93f ./Core/Src/main.o
 .debug_line    0x000000000000093f      0x76c ./Core/Src/stm32f4xx_hal_msp.o
 .debug_line    0x00000000000010ab      0x7ba ./Core/Src/stm32f4xx_it.o
 .debug_line    0x0000000000001865      0x761 ./Core/Src/system_stm32f4xx.o
 .debug_line    0x0000000000001fc6       0x88 ./Core/Startup/startup_stm32f411vetx.o
 .debug_line    0x000000000000204e      0x9c7 ./Drivers/STM32F4xx_HAL_Driver/Src/stm32f4xx_hal.o
 .debug_line    0x0000000000002a15      0xc76 ./Drivers/STM32F4xx_HAL_Driver/Src/stm32f4xx_hal_cortex.o
 .debug_line    0x000000000000368b      0xb01 ./Drivers/STM32F4xx_HAL_Driver/Src/stm32f4xx_hal_gpio.o
 .debug_line    0x000000000000418c     0x3973 ./Drivers/STM32F4xx_HAL_Driver/Src/stm32f4xx_hal_i2c.o
 .debug_line    0x0000000000007aff      0xd43 ./Drivers/STM32F4xx_HAL_Driver/Src/stm32f4xx_hal_rcc.o
 .debug_line    0x0000000000008842     0x3495 ./Drivers/STM32F4xx_HAL_Driver/Src/stm32f4xx_hal_tim.o
 .debug_line    0x000000000000bcd7     0x195f ./Drivers/STM32F4xx_HAL_Driver/Src/stm32f4xx_hal_tim_ex.o

.debug_str      0x0000000000000000    0x89f9a
 .debug_str     0x0000000000000000    0x86f97 ./Core/Src/main.o
                                      0x87302 (size before relaxing)
 .debug_str     0x0000000000086f97      0x415 ./Core/Src/stm32f4xx_hal_msp.o
                                      0x872a2 (size before relaxing)
 .debug_str     0x00000000000873ac       0xcd ./Core/Src/stm32f4xx_it.o
                                      0x86b41 (size before relaxing)
 .debug_str     0x0000000000087479       0xaf ./Core/Src/system_stm32f4xx.o
                                      0x86700 (size before relaxing)
 .debug_str     0x0000000000087528       0x36 ./Core/Startup/startup_stm32f411vetx.o
                                         0x76 (size before relaxing)
 .debug_str     0x000000000008755e      0x57b ./Drivers/STM32F4xx_HAL_Driver/Src/stm32f4xx_hal.o
                                      0x8708a (size before relaxing)
 .debug_str     0x0000000000087ad9      0x399 ./Drivers/STM32F4xx_HAL_Driver/Src/stm32f4xx_hal_cortex.o
                                      0x86e67 (size before relaxing)
 .debug_str     0x0000000000087e72      0x151 ./Drivers/STM32F4xx_HAL_Driver/Src/stm32f4xx_hal_gpio.o
                                      0x868a7 (size before relaxing)
 .debug_str     0x0000000000087fc3      0xaba ./Drivers/STM32F4xx_HAL_Driver/Src/stm32f4xx_hal_i2c.o
                                      0x87675 (size before relaxing)
 .debug_str     0x0000000000088a7d      0x24e ./Drivers/STM32F4xx_HAL_Driver/Src/stm32f4xx_hal_rcc.o
                                      0x86b02 (size before relaxing)
 .debug_str     0x0000000000088ccb      0xde1 ./Drivers/STM32F4xx_HAL_Driver/Src/stm32f4xx_hal_tim.o
                                      0x87a1d (size before relaxing)
 .debug_str     0x0000000000089aac      0x4ee ./Drivers/STM32F4xx_HAL_Driver/Src/stm32f4xx_hal_tim_ex.o
                                      0x871ce (size before relaxing)

.comment        0x0000000000000000       0x53
 .comment       0x0000000000000000       0x53 ./Core/Src/main.o
                                         0x54 (size before relaxing)
 .comment       0x0000000000000053       0x54 ./Core/Src/stm32f4xx_hal_msp.o
 .comment       0x0000000000000053       0x54 ./Core/Src/stm32f4xx_it.o
 .comment       0x0000000000000053       0x54 ./Core/Src/system_stm32f4xx.o
 .comment       0x0000000000000053       0x54 ./Drivers/STM32F4xx_HAL_Driver/Src/stm32f4xx_hal.o
 .comment       0x0000000000000053       0x54 ./Drivers/STM32F4xx_HAL_Driver/Src/stm32f4xx_hal_cortex.o
 .comment       0x0000000000000053       0x54 ./Drivers/STM32F4xx_HAL_Driver/Src/stm32f4xx_hal_gpio.o
 .comment       0x0000000000000053       0x54 ./Drivers/STM32F4xx_HAL_Driver/Src/stm32f4xx_hal_i2c.o
 .comment       0x0000000000000053       0x54 ./Drivers/STM32F4xx_HAL_Driver/Src/stm32f4xx_hal_rcc.o
 .comment       0x0000000000000053       0x54 ./Drivers/STM32F4xx_HAL_Driver/Src/stm32f4xx_hal_tim.o
 .comment       0x0000000000000053       0x54 ./Drivers/STM32F4xx_HAL_Driver/Src/stm32f4xx_hal_tim_ex.o

.debug_frame    0x0000000000000000     0x339c
 .debug_frame   0x0000000000000000      0x118 ./Core/Src/main.o
 .debug_frame   0x0000000000000118       0xc8 ./Core/Src/stm32f4xx_hal_msp.o
 .debug_frame   0x00000000000001e0      0x120 ./Core/Src/stm32f4xx_it.o
 .debug_frame   0x0000000000000300       0x58 ./Core/Src/system_stm32f4xx.o
 .debug_frame   0x0000000000000358      0x374 ./Drivers/STM32F4xx_HAL_Driver/Src/stm32f4xx_hal.o
 .debug_frame   0x00000000000006cc      0x498 ./Drivers/STM32F4xx_HAL_Driver/Src/stm32f4xx_hal_cortex.o
 .debug_frame   0x0000000000000b64      0x14c ./Drivers/STM32F4xx_HAL_Driver/Src/stm32f4xx_hal_gpio.o
 .debug_frame   0x0000000000000cb0      0xc5c ./Drivers/STM32F4xx_HAL_Driver/Src/stm32f4xx_hal_i2c.o
 .debug_frame   0x000000000000190c      0x1f0 ./Drivers/STM32F4xx_HAL_Driver/Src/stm32f4xx_hal_rcc.o
 .debug_frame   0x0000000000001afc     0x11bc ./Drivers/STM32F4xx_HAL_Driver/Src/stm32f4xx_hal_tim.o
 .debug_frame   0x0000000000002cb8      0x638 ./Drivers/STM32F4xx_HAL_Driver/Src/stm32f4xx_hal_tim_ex.o
 .debug_frame   0x00000000000032f0       0x2c c:/st/stm32cubeide_1.7.0/stm32cubeide/plugins/com.st.stm32cube.ide.mcu.externaltools.gnu-tools-for-stm32.9-2020-q2-update.win32_2.0.0.202105311346/tools/bin/../lib/gcc/arm-none-eabi/9.3.1/../../../../arm-none-eabi/lib/thumb/v7e-m+fp/hard\libc_nano.a(lib_a-init.o)
 .debug_frame   0x000000000000331c       0x20 c:/st/stm32cubeide_1.7.0/stm32cubeide/plugins/com.st.stm32cube.ide.mcu.externaltools.gnu-tools-for-stm32.9-2020-q2-update.win32_2.0.0.202105311346/tools/bin/../lib/gcc/arm-none-eabi/9.3.1/../../../../arm-none-eabi/lib/thumb/v7e-m+fp/hard\libc_nano.a(lib_a-memset.o)
 .debug_frame   0x000000000000333c       0x2c c:/st/stm32cubeide_1.7.0/stm32cubeide/plugins/com.st.stm32cube.ide.mcu.externaltools.gnu-tools-for-stm32.9-2020-q2-update.win32_2.0.0.202105311346/tools/bin/../lib/gcc/arm-none-eabi/9.3.1/thumb/v7e-m+fp/hard\libgcc.a(_aeabi_uldivmod.o)
 .debug_frame   0x0000000000003368       0x34 c:/st/stm32cubeide_1.7.0/stm32cubeide/plugins/com.st.stm32cube.ide.mcu.externaltools.gnu-tools-for-stm32.9-2020-q2-update.win32_2.0.0.202105311346/tools/bin/../lib/gcc/arm-none-eabi/9.3.1/thumb/v7e-m+fp/hard\libgcc.a(_udivmoddi4.o)
