main.c:123:5:main	40	static
main.c:256:6:SystemClock_Config	88	static
main.c:300:13:MX_SPI2_Init	8	static
main.c:338:13:MX_GPIO_Init	40	static
main.c:360:6:singleFrameTransaction	128	static
main.c:408:6:configRegADCV_CONV	64	static
main.c:430:6:configRegNCYCLE_PROG_1	64	static
main.c:448:6:configRegNCYCLE_PROG_2	64	static
main.c:463:6:readBurst0x78	304	dynamic
main.c:594:6:readBurst0x7A	336	dynamic
main.c:838:6:readBurst0x7B	304	dynamic
main.c:1040:6:L9963_CrcCalc8bitLookupTab	48	static
main.c:1082:10:L9963_CrcVer8bitLookupTab	32	static
main.c:1113:6:balanceCells	144	dynamic
main.c:1194:6:Error_Handler	4	static,ignoring_inline_asm
